2026-06-08 17:25:51,824 - db_logger - INFO - Connecting to MySQL database...
2026-06-08 17:25:51,919 - db_logger - INFO - MySQL database connected.
2026-06-08 17:25:51,930 - db_logger - INFO - MySQL database closed.
2026-06-08 17:26:27,064 - db_logger - INFO - Connecting to MySQL database...
2026-06-08 17:26:27,250 - db_logger - INFO - MySQL database connected.
2026-06-08 17:26:27,275 - db_logger - INFO - MySQL database closed.
2026-06-08 17:26:27,286 - db_logger - INFO - Connecting to MySQL database...
2026-06-08 17:26:27,380 - db_logger - INFO - MySQL database connected.
2026-06-08 17:26:27,395 - db_logger - INFO - MySQL database closed.
2026-06-08 19:03:01,470 - db_logger - INFO - Connecting to MySQL database...
2026-06-08 19:03:01,851 - db_logger - INFO - MySQL database connected.
2026-06-08 19:03:02,174 - db_logger - INFO - MySQL database closed.
2026-06-08 19:03:02,180 - db_logger - INFO - Connecting to MySQL database...
2026-06-08 19:03:02,267 - db_logger - INFO - MySQL database connected.
2026-06-08 19:03:02,287 - db_logger - INFO - MySQL database closed.
2026-06-09 16:53:38,499 - db_logger - INFO - Connecting to MySQL database...
2026-06-09 16:53:39,354 - db_logger - INFO - MySQL database connected.
2026-06-09 16:53:40,274 - db_logger - INFO - MySQL database closed.
2026-06-09 16:53:40,298 - db_logger - INFO - Connecting to MySQL database...
2026-06-09 16:53:40,517 - db_logger - INFO - MySQL database connected.
2026-06-09 16:53:40,564 - db_logger - INFO - MySQL database closed.
2026-06-09 16:53:40,594 - db_logger - INFO - Connecting to MySQL database...
2026-06-09 16:53:40,828 - db_logger - INFO - MySQL database connected.
2026-06-09 16:53:43,411 - db_logger - INFO - MySQL database closed.
2026-06-09 16:54:55,624 - db_logger - INFO - Connecting to MySQL database...
2026-06-09 16:54:56,465 - db_logger - INFO - MySQL database connected.
2026-06-09 16:54:56,537 - db_logger - INFO - MySQL database closed.
2026-06-09 16:54:56,564 - db_logger - INFO - Connecting to MySQL database...
2026-06-09 16:54:56,844 - db_logger - INFO - MySQL database connected.
2026-06-09 16:54:56,880 - db_logger - INFO - MySQL database closed.
2026-06-09 16:54:56,900 - db_logger - INFO - Connecting to MySQL database...
2026-06-09 16:54:57,142 - db_logger - INFO - MySQL database connected.
2026-06-09 16:54:59,695 - db_logger - INFO - MySQL database closed.
2026-06-09 18:51:02,243 - db_logger - INFO - Connecting to MySQL database...
2026-06-09 18:51:02,822 - db_logger - INFO - MySQL database connected.
2026-06-09 18:51:03,020 - db_logger - INFO - MySQL database closed.
2026-06-09 18:51:03,029 - db_logger - INFO - Connecting to MySQL database...
2026-06-09 18:51:03,098 - db_logger - INFO - MySQL database connected.
2026-06-09 18:51:03,118 - db_logger - INFO - MySQL database closed.
2026-06-09 18:51:03,125 - db_logger - INFO - Connecting to MySQL database...
2026-06-09 18:51:03,205 - db_logger - INFO - MySQL database connected.
2026-06-09 18:51:05,269 - db_logger - INFO - MySQL database closed.
2026-06-09 18:51:05,276 - db_logger - INFO - Connecting to MySQL database...
2026-06-09 18:51:05,361 - db_logger - INFO - MySQL database connected.
2026-06-09 18:51:05,363 - db_logger - INFO - Connecting to Oracle database...
2026-06-09 18:51:06,330 - db_logger - INFO - Oracle database connected.
2026-06-09 18:51:06,702 - db_logger - INFO - Oracle database closed.
2026-06-09 18:51:06,702 - db_logger - INFO - MySQL database closed.
2026-06-09 19:32:39,923 - db_logger - INFO - Connecting to MySQL database...
2026-06-09 19:32:41,003 - db_logger - INFO - MySQL database connected.
2026-06-09 19:32:41,170 - db_logger - INFO - MySQL database closed.
2026-06-09 19:32:41,240 - db_logger - INFO - Connecting to MySQL database...
2026-06-09 19:32:41,854 - db_logger - INFO - MySQL database connected.
2026-06-09 19:32:42,007 - db_logger - INFO - MySQL database closed.
2026-06-09 19:32:42,060 - db_logger - INFO - Connecting to MySQL database...
2026-06-09 19:32:42,326 - db_logger - INFO - MySQL database connected.
2026-06-09 19:32:44,890 - db_logger - INFO - MySQL database closed.
2026-06-09 19:32:44,920 - db_logger - INFO - Connecting to MySQL database...
2026-06-09 19:32:45,137 - db_logger - INFO - MySQL database connected.
2026-06-09 19:32:45,144 - db_logger - INFO - Connecting to Oracle database...
2026-06-09 19:32:45,946 - db_logger - INFO - Oracle database connected.
2026-06-09 19:32:46,018 - db_logger - INFO - Oracle database closed.
2026-06-09 19:32:46,019 - db_logger - INFO - MySQL database closed.
2026-06-09 19:32:46,067 - db_logger - INFO - Connecting to MySQL database...
2026-06-09 19:32:46,381 - db_logger - INFO - MySQL database connected.
2026-06-09 19:32:47,426 - db_logger - INFO - MySQL database closed.
2026-06-09 19:36:43,071 - db_logger - INFO - Connecting to MySQL database...
2026-06-09 19:36:43,718 - db_logger - INFO - MySQL database connected.
2026-06-09 19:36:43,865 - db_logger - INFO - MySQL database closed.
2026-06-09 19:36:43,918 - db_logger - INFO - Connecting to MySQL database...
2026-06-09 19:36:44,118 - db_logger - INFO - MySQL database connected.
2026-06-09 19:36:44,162 - db_logger - INFO - MySQL database closed.
2026-06-09 19:36:44,185 - db_logger - INFO - Connecting to MySQL database...
2026-06-09 19:36:44,425 - db_logger - INFO - MySQL database connected.
2026-06-09 19:36:48,205 - db_logger - INFO - MySQL database closed.
2026-06-09 19:36:48,261 - db_logger - INFO - Connecting to MySQL database...
2026-06-09 19:36:48,588 - db_logger - INFO - MySQL database connected.
2026-06-09 19:36:48,595 - db_logger - INFO - Connecting to Oracle database...
2026-06-09 19:36:49,881 - db_logger - INFO - Oracle database connected.
2026-06-09 19:36:49,955 - db_logger - INFO - Oracle database closed.
2026-06-09 19:36:49,956 - db_logger - INFO - MySQL database closed.
2026-06-09 19:36:49,997 - db_logger - INFO - Connecting to MySQL database...
2026-06-09 19:36:50,211 - db_logger - INFO - MySQL database connected.
2026-06-09 19:36:51,344 - db_logger - INFO - MySQL database closed.
2026-06-09 19:43:50,899 - db_logger - INFO - Connecting to MySQL database...
2026-06-09 19:43:51,876 - db_logger - INFO - MySQL database connected.
2026-06-09 19:43:52,053 - db_logger - INFO - MySQL database closed.
2026-06-09 19:43:52,132 - db_logger - INFO - Connecting to MySQL database...
2026-06-09 19:43:52,365 - db_logger - INFO - MySQL database connected.
2026-06-09 19:43:52,414 - db_logger - INFO - MySQL database closed.
2026-06-09 19:43:52,442 - db_logger - INFO - Connecting to MySQL database...
2026-06-09 19:43:52,746 - db_logger - INFO - MySQL database connected.
2026-06-09 19:43:55,959 - db_logger - INFO - MySQL database closed.
2026-06-09 19:43:55,985 - db_logger - INFO - Connecting to MySQL database...
2026-06-09 19:43:56,315 - db_logger - INFO - MySQL database connected.
2026-06-09 19:43:56,324 - db_logger - INFO - Connecting to Oracle database...
2026-06-09 19:43:57,956 - db_logger - INFO - Oracle database connected.
2026-06-09 19:43:58,071 - db_logger - INFO - Oracle database closed.
2026-06-09 19:43:58,072 - db_logger - INFO - MySQL database closed.
2026-06-09 19:43:58,102 - db_logger - INFO - Connecting to MySQL database...
2026-06-09 19:43:58,347 - db_logger - INFO - MySQL database connected.
2026-06-09 19:43:59,629 - db_logger - INFO - MySQL database closed.
2026-06-09 19:57:08,793 - db_logger - INFO - Connecting to MySQL database...
2026-06-09 19:57:09,250 - db_logger - INFO - MySQL database connected.
2026-06-09 19:57:09,386 - db_logger - INFO - MySQL database closed.
2026-06-09 19:57:09,401 - db_logger - INFO - Connecting to MySQL database...
2026-06-09 19:57:09,477 - db_logger - INFO - MySQL database connected.
2026-06-09 19:57:09,502 - db_logger - INFO - MySQL database closed.
2026-06-09 19:57:09,508 - db_logger - INFO - Connecting to MySQL database...
2026-06-09 19:57:09,585 - db_logger - INFO - MySQL database connected.
2026-06-09 19:57:10,801 - db_logger - INFO - MySQL database closed.
2026-06-09 19:57:10,808 - db_logger - INFO - Connecting to MySQL database...
2026-06-09 19:57:10,884 - db_logger - INFO - MySQL database connected.
2026-06-09 19:57:10,886 - db_logger - INFO - Connecting to Oracle database...
2026-06-09 19:57:11,576 - db_logger - INFO - Oracle database connected.
2026-06-09 19:57:11,616 - db_logger - INFO - Oracle database closed.
2026-06-09 19:57:11,617 - db_logger - INFO - MySQL database closed.
2026-06-09 19:57:11,625 - db_logger - INFO - Connecting to MySQL database...
2026-06-09 19:57:11,703 - db_logger - INFO - MySQL database connected.
2026-06-09 19:57:14,030 - db_logger - INFO - MySQL database closed.
