2026-06-08 17:25:51,919 - extraction_logger - INFO - test_compare_inventory_xml_and_stage_inventory_data test started....
2026-06-08 17:25:51,929 - extraction_logger - INFO - test_compare_inventory_xml_and_stage_inventory_data test ended......
2026-06-08 17:25:51,929 - extraction_logger - INFO - ..................................................................................
2026-06-08 17:26:27,251 - extraction_logger - INFO - test_compare_supplier_json_and_stage_supplier_data test started.....
2026-06-08 17:26:27,272 - extraction_logger - INFO - test_compare_supplier_json_and_stage_supplier_data test ended......
2026-06-08 17:26:27,272 - extraction_logger - INFO - ..................................................................................
2026-06-08 17:26:27,381 - extraction_logger - INFO - test_compare_inventory_xml_and_stage_inventory_data test started....
2026-06-08 17:26:27,393 - extraction_logger - INFO - test_compare_inventory_xml_and_stage_inventory_data test ended......
2026-06-08 17:26:27,394 - extraction_logger - INFO - ..................................................................................
2026-06-08 19:03:01,852 - extraction_logger - INFO - test_compare_supplier_json_and_stage_supplier_data test started.....
2026-06-08 19:03:01,939 - extraction_logger - INFO - missing records :    supplier_id  supplier_name   contact_name                   contact_email     contact_phone country  rating last_order_date
9           10  LatAm Imports  Olivia Harris  olivia.harris@latamimports.com  +52-55-2345-6789  Mexico     4.8      2024-11-20
2026-06-08 19:03:02,169 - extraction_logger - INFO - extra records :    supplier_id  supplier_name   contact_name                   contact_email     contact_phone country  rating last_order_date
9           10  LatAm Imports  Olivia Harris  olivia.harris@latamimports.com  +52-55-2345-6789  Mexico     4.5      2024-11-20
2026-06-08 19:03:02,172 - extraction_logger - INFO - test_compare_supplier_json_and_stage_supplier_data test ended......
2026-06-08 19:03:02,172 - extraction_logger - INFO - ..................................................................................
2026-06-08 19:03:02,268 - extraction_logger - INFO - test_compare_inventory_xml_and_stage_inventory_data test started....
2026-06-08 19:03:02,286 - extraction_logger - INFO - test_compare_inventory_xml_and_stage_inventory_data test ended......
2026-06-08 19:03:02,286 - extraction_logger - INFO - ..................................................................................
2026-06-09 16:53:39,356 - extraction_logger - INFO - test_compare_supplier_json_and_stage_supplier_data test started.....
2026-06-09 16:53:39,525 - extraction_logger - INFO - missing records :    supplier_id  supplier_name   contact_name                   contact_email     contact_phone country  rating last_order_date
9           10  LatAm Imports  Olivia Harris  olivia.harris@latamimports.com  +52-55-2345-6789  Mexico     4.8      2024-11-20
2026-06-09 16:53:40,257 - extraction_logger - INFO - extra records :    supplier_id  supplier_name   contact_name                   contact_email     contact_phone country  rating last_order_date
9           10  LatAm Imports  Olivia Harris  olivia.harris@latamimports.com  +52-55-2345-6789  Mexico     4.5      2024-11-20
2026-06-09 16:53:40,264 - extraction_logger - INFO - test_compare_supplier_json_and_stage_supplier_data test ended......
2026-06-09 16:53:40,268 - extraction_logger - INFO - ..................................................................................
2026-06-09 16:53:40,518 - extraction_logger - INFO - test_compare_inventory_xml_and_stage_inventory_data test started....
2026-06-09 16:53:40,559 - extraction_logger - INFO - test_compare_inventory_xml_and_stage_inventory_data test ended......
2026-06-09 16:53:40,560 - extraction_logger - INFO - ..................................................................................
2026-06-09 16:53:40,830 - extraction_logger - INFO - test_compare_sales_s3_bucket_and_stage_sales_data test started....
2026-06-09 16:53:43,409 - extraction_logger - INFO - test_compare_sales_s3_bucket_and_stage_sales_data test ended......
2026-06-09 16:53:43,409 - extraction_logger - INFO - ..................................................................................
2026-06-09 16:54:56,467 - extraction_logger - INFO - test_compare_supplier_json_and_stage_supplier_data test started.....
2026-06-09 16:54:56,533 - extraction_logger - INFO - test_compare_supplier_json_and_stage_supplier_data test ended......
2026-06-09 16:54:56,533 - extraction_logger - INFO - ..................................................................................
2026-06-09 16:54:56,845 - extraction_logger - INFO - test_compare_inventory_xml_and_stage_inventory_data test started....
2026-06-09 16:54:56,875 - extraction_logger - INFO - test_compare_inventory_xml_and_stage_inventory_data test ended......
2026-06-09 16:54:56,875 - extraction_logger - INFO - ..................................................................................
2026-06-09 16:54:57,144 - extraction_logger - INFO - test_compare_sales_s3_bucket_and_stage_sales_data test started....
2026-06-09 16:54:59,692 - extraction_logger - INFO - test_compare_sales_s3_bucket_and_stage_sales_data test ended......
2026-06-09 16:54:59,693 - extraction_logger - INFO - ..................................................................................
2026-06-09 18:51:02,823 - extraction_logger - INFO - test_compare_supplier_json_and_stage_supplier_data test started.....
2026-06-09 18:51:03,018 - extraction_logger - INFO - test_compare_supplier_json_and_stage_supplier_data test ended......
2026-06-09 18:51:03,018 - extraction_logger - INFO - ..................................................................................
2026-06-09 18:51:03,098 - extraction_logger - INFO - test_compare_inventory_xml_and_stage_inventory_data test started....
2026-06-09 18:51:03,117 - extraction_logger - INFO - test_compare_inventory_xml_and_stage_inventory_data test ended......
2026-06-09 18:51:03,117 - extraction_logger - INFO - ..................................................................................
2026-06-09 18:51:03,206 - extraction_logger - INFO - test_compare_sales_s3_bucket_and_stage_sales_data test started....
2026-06-09 18:51:05,268 - extraction_logger - INFO - test_compare_sales_s3_bucket_and_stage_sales_data test ended......
2026-06-09 18:51:05,268 - extraction_logger - INFO - ..................................................................................
2026-06-09 18:51:06,330 - extraction_logger - INFO - test_compare_store_db_and_stage_store_data test started....
2026-06-09 18:51:06,701 - extraction_logger - INFO - test_compare_store_db_and_stage_store_data test ended......
2026-06-09 18:51:06,701 - extraction_logger - INFO - ..................................................................................
2026-06-09 19:32:41,004 - extraction_logger - INFO - test_compare_supplier_json_and_stage_supplier_data test started.....
2026-06-09 19:32:41,149 - extraction_logger - INFO - test_compare_supplier_json_and_stage_supplier_data test ended......
2026-06-09 19:32:41,149 - extraction_logger - INFO - ..................................................................................
2026-06-09 19:32:41,856 - extraction_logger - INFO - test_compare_inventory_xml_and_stage_inventory_data test started....
2026-06-09 19:32:42,004 - extraction_logger - INFO - test_compare_inventory_xml_and_stage_inventory_data test ended......
2026-06-09 19:32:42,004 - extraction_logger - INFO - ..................................................................................
2026-06-09 19:32:42,327 - extraction_logger - INFO - test_compare_sales_s3_bucket_and_stage_sales_data test started....
2026-06-09 19:32:44,887 - extraction_logger - INFO - test_compare_sales_s3_bucket_and_stage_sales_data test ended......
2026-06-09 19:32:44,887 - extraction_logger - INFO - ..................................................................................
2026-06-09 19:32:45,949 - extraction_logger - INFO - test_compare_store_db_and_stage_store_data test started....
2026-06-09 19:32:46,015 - extraction_logger - INFO - test_compare_store_db_and_stage_store_data test ended......
2026-06-09 19:32:46,016 - extraction_logger - INFO - ..................................................................................
2026-06-09 19:32:46,382 - extraction_logger - INFO - test_compare_linux_server_product_data_and_stage_product_data test started....
2026-06-09 19:32:46,383 - extraction_logger - INFO - product file download from linux server has started...
2026-06-09 19:32:46,413 - extraction_logger - ERROR - Test Case test_compare_linux_server_product_data_and_stage_product_data execution has failed due to error :[Errno 10109] getaddrinfo failed
Traceback (most recent call last):
  File "D:\ETL QA LABS\Capstone_Project_TestAutomationFramework\common_utilities\utilities.py", line 69, in verify_linux_server_file_to_stage_db_data
    ssh_client.connect(linux_host, linux_user,linux_password)
    ~~~~~~~~~~~~~~~~~~^^^^^^^^^^^^^^^^^^^^^^^^^^^^^^^^^^^^^^^
  File "D:\ETL QA LABS\Capstone_Project_TestAutomationFramework\.venv\Lib\site-packages\paramiko\client.py", line 355, in connect
    to_try = list(self._families_and_addresses(hostname, port))
  File "D:\ETL QA LABS\Capstone_Project_TestAutomationFramework\.venv\Lib\site-packages\paramiko\client.py", line 201, in _families_and_addresses
    addrinfos = socket.getaddrinfo(
        hostname, port, socket.AF_UNSPEC, socket.SOCK_STREAM
    )
  File "C:\Users\nagam\AppData\Local\Python\pythoncore-3.14-64\Lib\socket.py", line 983, in getaddrinfo
    for res in _socket.getaddrinfo(host, port, family, type, proto, flags):
               ~~~~~~~~~~~~~~~~~~~^^^^^^^^^^^^^^^^^^^^^^^^^^^^^^^^^^^^^^^^
socket.gaierror: [Errno 10109] getaddrinfo failed
2026-06-09 19:36:43,720 - extraction_logger - INFO - test_compare_supplier_json_and_stage_supplier_data test started.....
2026-06-09 19:36:43,861 - extraction_logger - INFO - test_compare_supplier_json_and_stage_supplier_data test ended......
2026-06-09 19:36:43,862 - extraction_logger - INFO - ..................................................................................
2026-06-09 19:36:44,119 - extraction_logger - INFO - test_compare_inventory_xml_and_stage_inventory_data test started....
2026-06-09 19:36:44,160 - extraction_logger - INFO - test_compare_inventory_xml_and_stage_inventory_data test ended......
2026-06-09 19:36:44,160 - extraction_logger - INFO - ..................................................................................
2026-06-09 19:36:44,427 - extraction_logger - INFO - test_compare_sales_s3_bucket_and_stage_sales_data test started....
2026-06-09 19:36:48,195 - extraction_logger - INFO - test_compare_sales_s3_bucket_and_stage_sales_data test ended......
2026-06-09 19:36:48,195 - extraction_logger - INFO - ..................................................................................
2026-06-09 19:36:49,882 - extraction_logger - INFO - test_compare_store_db_and_stage_store_data test started....
2026-06-09 19:36:49,951 - extraction_logger - INFO - test_compare_store_db_and_stage_store_data test ended......
2026-06-09 19:36:49,951 - extraction_logger - INFO - ..................................................................................
2026-06-09 19:36:50,212 - extraction_logger - INFO - test_compare_linux_server_product_data_and_stage_product_data test started....
2026-06-09 19:36:50,212 - extraction_logger - INFO - product file download from linux server has started...
2026-06-09 19:36:50,236 - extraction_logger - ERROR - Test Case test_compare_linux_server_product_data_and_stage_product_data execution has failed due to error :[Errno 10109] getaddrinfo failed
Traceback (most recent call last):
  File "D:\ETL QA LABS\Capstone_Project_TestAutomationFramework\common_utilities\utilities.py", line 69, in verify_linux_server_file_to_stage_db_data
    ssh_client.connect(linux_host, linux_user,linux_password)
    ~~~~~~~~~~~~~~~~~~^^^^^^^^^^^^^^^^^^^^^^^^^^^^^^^^^^^^^^^
  File "D:\ETL QA LABS\Capstone_Project_TestAutomationFramework\.venv\Lib\site-packages\paramiko\client.py", line 355, in connect
    to_try = list(self._families_and_addresses(hostname, port))
  File "D:\ETL QA LABS\Capstone_Project_TestAutomationFramework\.venv\Lib\site-packages\paramiko\client.py", line 201, in _families_and_addresses
    addrinfos = socket.getaddrinfo(
        hostname, port, socket.AF_UNSPEC, socket.SOCK_STREAM
    )
  File "C:\Users\nagam\AppData\Local\Python\pythoncore-3.14-64\Lib\socket.py", line 983, in getaddrinfo
    for res in _socket.getaddrinfo(host, port, family, type, proto, flags):
               ~~~~~~~~~~~~~~~~~~~^^^^^^^^^^^^^^^^^^^^^^^^^^^^^^^^^^^^^^^^
socket.gaierror: [Errno 10109] getaddrinfo failed
2026-06-09 19:43:51,877 - extraction_logger - INFO - test_compare_supplier_json_and_stage_supplier_data test started.....
2026-06-09 19:43:52,046 - extraction_logger - INFO - test_compare_supplier_json_and_stage_supplier_data test ended......
2026-06-09 19:43:52,046 - extraction_logger - INFO - ..................................................................................
2026-06-09 19:43:52,366 - extraction_logger - INFO - test_compare_inventory_xml_and_stage_inventory_data test started....
2026-06-09 19:43:52,411 - extraction_logger - INFO - test_compare_inventory_xml_and_stage_inventory_data test ended......
2026-06-09 19:43:52,412 - extraction_logger - INFO - ..................................................................................
2026-06-09 19:43:52,747 - extraction_logger - INFO - test_compare_sales_s3_bucket_and_stage_sales_data test started....
2026-06-09 19:43:55,956 - extraction_logger - INFO - test_compare_sales_s3_bucket_and_stage_sales_data test ended......
2026-06-09 19:43:55,956 - extraction_logger - INFO - ..................................................................................
2026-06-09 19:43:57,958 - extraction_logger - INFO - test_compare_store_db_and_stage_store_data test started....
2026-06-09 19:43:58,068 - extraction_logger - INFO - test_compare_store_db_and_stage_store_data test ended......
2026-06-09 19:43:58,068 - extraction_logger - INFO - ..................................................................................
2026-06-09 19:43:58,348 - extraction_logger - INFO - test_compare_linux_server_product_data_and_stage_product_data test started....
2026-06-09 19:43:58,349 - extraction_logger - INFO - product file download from linux server has started...
2026-06-09 19:43:58,371 - extraction_logger - ERROR - Test Case test_compare_linux_server_product_data_and_stage_product_data execution has failed due to error :[Errno 10109] getaddrinfo failed
Traceback (most recent call last):
  File "D:\ETL QA LABS\Capstone_Project_TestAutomationFramework\common_utilities\utilities.py", line 69, in verify_linux_server_file_to_stage_db_data
    ssh_client.connect(linux_host, linux_user,linux_password)
    ~~~~~~~~~~~~~~~~~~^^^^^^^^^^^^^^^^^^^^^^^^^^^^^^^^^^^^^^^
  File "D:\ETL QA LABS\Capstone_Project_TestAutomationFramework\.venv\Lib\site-packages\paramiko\client.py", line 355, in connect
    to_try = list(self._families_and_addresses(hostname, port))
  File "D:\ETL QA LABS\Capstone_Project_TestAutomationFramework\.venv\Lib\site-packages\paramiko\client.py", line 201, in _families_and_addresses
    addrinfos = socket.getaddrinfo(
        hostname, port, socket.AF_UNSPEC, socket.SOCK_STREAM
    )
  File "C:\Users\nagam\AppData\Local\Python\pythoncore-3.14-64\Lib\socket.py", line 983, in getaddrinfo
    for res in _socket.getaddrinfo(host, port, family, type, proto, flags):
               ~~~~~~~~~~~~~~~~~~~^^^^^^^^^^^^^^^^^^^^^^^^^^^^^^^^^^^^^^^^
socket.gaierror: [Errno 10109] getaddrinfo failed
2026-06-09 19:57:09,250 - extraction_logger - INFO - test_compare_supplier_json_and_stage_supplier_data test started.....
2026-06-09 19:57:09,384 - extraction_logger - INFO - test_compare_supplier_json_and_stage_supplier_data test ended......
2026-06-09 19:57:09,384 - extraction_logger - INFO - ..................................................................................
2026-06-09 19:57:09,478 - extraction_logger - INFO - test_compare_inventory_xml_and_stage_inventory_data test started....
2026-06-09 19:57:09,501 - extraction_logger - INFO - test_compare_inventory_xml_and_stage_inventory_data test ended......
2026-06-09 19:57:09,501 - extraction_logger - INFO - ..................................................................................
2026-06-09 19:57:09,585 - extraction_logger - INFO - test_compare_sales_s3_bucket_and_stage_sales_data test started....
2026-06-09 19:57:10,800 - extraction_logger - INFO - test_compare_sales_s3_bucket_and_stage_sales_data test ended......
2026-06-09 19:57:10,800 - extraction_logger - INFO - ..................................................................................
2026-06-09 19:57:11,577 - extraction_logger - INFO - test_compare_store_db_and_stage_store_data test started....
2026-06-09 19:57:11,615 - extraction_logger - INFO - test_compare_store_db_and_stage_store_data test ended......
2026-06-09 19:57:11,615 - extraction_logger - INFO - ..................................................................................
2026-06-09 19:57:11,704 - extraction_logger - INFO - test_compare_linux_server_product_data_and_stage_product_data test started....
2026-06-09 19:57:11,704 - extraction_logger - INFO - product file download from linux server has started...
2026-06-09 19:57:13,970 - extraction_logger - INFO - product file download from linux server has finished...
2026-06-09 19:57:14,028 - extraction_logger - INFO - test_compare_linux_server_product_data_and_stage_product_data test ended......
2026-06-09 19:57:14,029 - extraction_logger - INFO - ..................................................................................
